// Jest Snapshot v1, https://goo.gl/fbAQLP

exports[`Signup Page It should render the Signup Page 1`] = `ShallowWrapper {}`;

exports[`submit button test... User will be able to click on submit button and send an action 1`] = `
<div>
  <div
    className="main-content"
  >
    <div
      className="side-1"
    />
    <div
      className="side-2"
    >
      <div
        className="form"
      >
        <h3
          className="d-purple"
        >
          Signup
        </h3>
        <hr />
        <div
          className="rows"
        >
          <div
            className="col-1"
          >
            <label
              htmlFor=""
            >
              Firstname 
              <span
                className="is-required"
              >
                *
              </span>
            </label>
            <br />
            <input
              id="firstname"
              name="firstname"
              onChange={[Function]}
              placeholder="Type your firstname"
              type="text"
            />
            <br />
            <span
              className="error"
              id="error-message"
            >
              Firstname field is required
            </span>
          </div>
          <div
            className="col-1"
          >
            <label
              htmlFor=""
            >
              Lastname 
              <span
                className="is-required"
              >
                *
              </span>
            </label>
            <br />
            <input
              id="lastname"
              name="lastname"
              onChange={[Function]}
              placeholder="Type your lastname"
              type="text"
            />
            <br />
            <span
              className="error"
              id="error-message"
            >
              Lastname field is required
            </span>
          </div>
        </div>
        <div
          className="rows"
        >
          <div
            className="col-1"
          >
            <label
              htmlFor=""
            >
              Email 
              <span
                className="is-required"
              >
                *
              </span>
            </label>
            <br />
            <input
              id="email"
              name="email"
              onChange={[Function]}
              placeholder="Type your e-mail"
              type="text"
            />
            <br />
            <span
              className="error"
              id="error-message"
            >
              Email field is required
            </span>
          </div>
          <div
            className="col-1"
          >
            <label
              htmlFor=""
            >
              Password 
              <span
                className="is-required"
              >
                *
              </span>
            </label>
            <br />
            <input
              id="password"
              name="password"
              onChange={[Function]}
              placeholder="Type your Password"
              type="password"
            />
            <br />
            <span
              className="error"
              id="error-message"
            >
              Password field is required
            </span>
          </div>
        </div>
        <div
          className="rows"
        >
          <div
            className="col-1"
          >
            <label
              htmlFor=""
            >
              Address 
              <span
                className="is-required"
              />
            </label>
            <br />
            <input
              id="address"
              name="address"
              onChange={[Function]}
              placeholder="Type your current address city"
              type="text"
            />
            <br />
            <span
              className="error"
              id="error-message"
            />
          </div>
        </div>
        <div
          className=""
        >
          <div
            className="col-1"
          >
            <button
              className="btn-1 primary"
              id="register"
              onClick={[Function]}
              type="submit"
            >
              Register
            </button>
          </div>
        </div>
      </div>
    </div>
    <div
      className="side-3"
    />
  </div>
</div>
`;
